###############################################################################
#
# IAR ELF Linker V8.40.1.212/W32 for ARM                  29/Oct/2019  01:52:08
# Copyright 2007-2019 IAR Systems AB.
#
#    Output file  =  C:\shun_embedded\assignment03\Debug\Exe\morseled.out
#    Map file     =  C:\shun_embedded\assignment03\Debug\List\morseled.map
#    Command line =
#        -f C:\Users\mike5\AppData\Local\Temp\EWB7B1.tmp
#        (C:\shun_embedded\assignment03\Debug\Obj\main.o --no_out_extension -o
#        C:\shun_embedded\assignment03\Debug\Exe\morseled.out --redirect
#        _Printf=_PrintfFullNoMb --redirect _Scanf=_ScanfFullNoMb --map
#        C:\shun_embedded\assignment03\Debug\List\morseled.map --config
#        "C:\Program Files (x86)\IAR Systems\Embedded Workbench
#        8.3\arm\config\linker\ST\stm32f401xE.icf" --semihosting --entry
#        __iar_program_start --vfe --text_out locale)
#
###############################################################################

*******************************************************************************
*** RUNTIME MODEL ATTRIBUTES
***

CppFlavor       = *
__SystemLibrary = DLib
__dlib_version  = 6


*******************************************************************************
*** HEAP SELECTION
***

The basic heap was selected because some modules are built with
size limitations (and not runtime checking), and --advanced_heap
was not specified.


*******************************************************************************
*** PLACEMENT SUMMARY
***

"A0":  place at address 0x800'0000 { ro section .intvec };
"P1":  place in [from 0x800'0000 to 0x807'ffff] { ro };
define block CSTACK with size = 8K, alignment = 8 { };
define block HEAP with size = 8K, alignment = 8 { };
"P2":  place in [from 0x2000'0000 to 0x2001'7fff] {
          rw, block CSTACK, block HEAP };
initialize by copy { rw };

  Section            Kind         Address    Size  Object
  -------            ----         -------    ----  ------
"A0":                                        0x40
  .intvec            ro code   0x800'0000    0x40  vector_table_M.o [3]
                             - 0x800'0040    0x40

"P1":                                       0x1f0
  .text              ro code   0x800'0040   0x118  main.o [1]
  .text              ro code   0x800'0158    0x2e  copy_init3.o [3]
  .text              ro code   0x800'0186     0x2  vector_table_M.o [3]
  .text              ro code   0x800'0188    0x28  data_init.o [3]
  .iar.init_table    const     0x800'01b0    0x14  - Linker created -
  .text              ro code   0x800'01c4    0x1e  cmain.o [3]
  .text              ro code   0x800'01e2     0x4  low_level_init.o [2]
  .text              ro code   0x800'01e6     0x4  exit.o [2]
  .text              ro code   0x800'01ec     0xa  cexit.o [3]
  .text              ro code   0x800'01f8    0x14  exit.o [4]
  .text              ro code   0x800'020c     0xc  cstartup_M.o [3]
  .rodata            const     0x800'0218     0x8  main.o [1]
  .rodata            const     0x800'0220     0x8  main.o [1]
  Initializer bytes  const     0x800'0228     0x8  <for P2-1>
  .rodata            const     0x800'0230     0x0  copy_init3.o [3]
                             - 0x800'0230   0x1f0

"P2", part 1 of 2:                            0x8
  P2-1                        0x2000'0000     0x8  <Init block>
    .data            inited   0x2000'0000     0x4  main.o [1]
    .bss             inited   0x2000'0004     0x4  main.o [1]
                            - 0x2000'0008     0x8

"P2", part 2 of 2:                         0x2000
  CSTACK                      0x2000'0008  0x2000  <Block>
    CSTACK           uninit   0x2000'0008  0x2000  <Block tail>
                            - 0x2000'2008  0x2000

Unused ranges:

         From           To      Size
         ----           --      ----
   0x800'0230   0x807'ffff  0x7'fdd0
  0x2000'2008  0x2001'7fff  0x1'5ff8


*******************************************************************************
*** INIT TABLE
***

          Address      Size
          -------      ----
Copy (__iar_copy_init3)
    1 source range, total size 0x8:
           0x800'0228   0x8
    1 destination range, total size 0x8:
          0x2000'0000   0x8



*******************************************************************************
*** MODULE SUMMARY
***

    Module            ro code  ro data  rw data
    ------            -------  -------  -------
command line/config:
    -------------------------------------------
    Total:

C:\shun_embedded\assignment03\Debug\Obj: [1]
    main.o                280       24        8
    -------------------------------------------
    Total:                280       24        8

dl7M_tln.a: [2]
    exit.o                  4
    low_level_init.o        4
    -------------------------------------------
    Total:                  8

rt7M_tl.a: [3]
    cexit.o                10
    cmain.o                30
    copy_init3.o           46
    cstartup_M.o           12
    data_init.o            40
    vector_table_M.o       66
    -------------------------------------------
    Total:                204

shb_l.a: [4]
    exit.o                 20
    -------------------------------------------
    Total:                 20

    Gaps                    4
    Linker created                  20    8'192
-----------------------------------------------
    Grand Total:          516       44    8'200


*******************************************************************************
*** ENTRY LIST
***

Entry                       Address  Size  Type      Object
-----                       -------  ----  ----      ------
.iar.init_table$$Base    0x800'01b0         --   Gb  - Linker created -
.iar.init_table$$Limit   0x800'01c4         --   Gb  - Linker created -
?main                    0x800'01c5        Code  Gb  cmain.o [3]
CSTACK$$Base            0x2000'0008         --   Gb  - Linker created -
CSTACK$$Limit           0x2000'2008         --   Gb  - Linker created -
Region$$Table$$Base      0x800'01b0         --   Gb  - Linker created -
Region$$Table$$Limit     0x800'01c4         --   Gb  - Linker created -
__cmain                  0x800'01c5        Code  Gb  cmain.o [3]
__exit                   0x800'01f9  0x14  Code  Gb  exit.o [4]
__iar_copy_init3         0x800'0159  0x2e  Code  Gb  copy_init3.o [3]
__iar_data_init3         0x800'0189  0x28  Code  Gb  data_init.o [3]
__iar_program_start      0x800'020d        Code  Gb  cstartup_M.o [3]
__low_level_init         0x800'01e3   0x4  Code  Gb  low_level_init.o [2]
__vector_table           0x800'0000        Data  Gb  vector_table_M.o [3]
_call_main               0x800'01d1        Code  Gb  cmain.o [3]
_exit                    0x800'01ed        Code  Gb  cexit.o [3]
_main                    0x800'01df        Code  Gb  cmain.o [3]
counter                 0x2000'0004   0x4  Data  Gb  main.o [1]
exit                     0x800'01e7   0x4  Code  Gb  exit.o [2]
letter                   0x800'008d  0x32  Code  Gb  main.o [1]
main                     0x800'00bf  0x68  Code  Gb  main.o [1]
off                      0x800'0067  0x26  Code  Gb  main.o [1]
on                       0x800'0041  0x26  Code  Gb  main.o [1]
unit                    0x2000'0000   0x4  Data  Gb  main.o [1]


[1] = C:\shun_embedded\assignment03\Debug\Obj
[2] = dl7M_tln.a
[3] = rt7M_tl.a
[4] = shb_l.a

    516 bytes of readonly  code memory
     44 bytes of readonly  data memory
  8'200 bytes of readwrite data memory

Errors: none
Warnings: none
